Archive member included to satisfy reference by file (symbol)

e:/basura/nios2eds/bin/gnu/h-x86_64-mingw32/bin/../lib/gcc/nios2-elf/5.3.0/mno-hw-mul\libgcc.a(lib2-divmod.o)
                              obj/default/hello_world_small.o (__divsi3)
e:/basura/nios2eds/bin/gnu/h-x86_64-mingw32/bin/../lib/gcc/nios2-elf/5.3.0/mno-hw-mul\libgcc.a(lib2-mul.o)
                              obj/default/hello_world_small.o (__mulsi3)
e:/basura/nios2eds/bin/gnu/h-x86_64-mingw32/bin/../lib/gcc/nios2-elf/5.3.0/../../../../../H-x86_64-mingw32/nios2-elf/lib/mno-hw-mul\libsmallc.a(lib_a-memcpy.o)
                              obj/default/hello_world_small.o (memcpy)
../test_bsp/\libhal_bsp.a(alt_iic.o)
                              obj/default/hello_world_small.o (alt_ic_isr_register)
../test_bsp/\libhal_bsp.a(alt_iic_isr_register.o)
                              ../test_bsp/\libhal_bsp.a(alt_iic.o) (alt_iic_isr_register)
../test_bsp/\libhal_bsp.a(alt_irq_entry.o)
                              ../test_bsp/\libhal_bsp.a(alt_iic_isr_register.o) (alt_irq_entry)
../test_bsp/\libhal_bsp.a(alt_irq_handler.o)
                              ../test_bsp/\libhal_bsp.a(alt_iic_isr_register.o) (alt_irq_handler)
../test_bsp/\libhal_bsp.a(alt_irq_vars.o)
                              ../test_bsp/\libhal_bsp.a(alt_iic.o) (alt_irq_active)
../test_bsp/\libhal_bsp.a(alt_load.o)
                              ../test_bsp//obj/HAL/src/crt0.o (alt_load)
../test_bsp/\libhal_bsp.a(alt_main.o)
                              ../test_bsp//obj/HAL/src/crt0.o (alt_main)
../test_bsp/\libhal_bsp.a(alt_sys_init.o)
                              ../test_bsp/\libhal_bsp.a(alt_main.o) (alt_irq_init)
../test_bsp/\libhal_bsp.a(alt_dcache_flush_all.o)
                              ../test_bsp/\libhal_bsp.a(alt_load.o) (alt_dcache_flush_all)
../test_bsp/\libhal_bsp.a(alt_exception_entry.o)
                              ../test_bsp/\libhal_bsp.a(alt_irq_entry.o) (alt_exception)
../test_bsp/\libhal_bsp.a(alt_icache_flush_all.o)
                              ../test_bsp/\libhal_bsp.a(alt_load.o) (alt_icache_flush_all)
../test_bsp/\libhal_bsp.a(alt_instruction_exception_entry.o)
                              ../test_bsp/\libhal_bsp.a(alt_exception_entry.o) (alt_instruction_exception_entry)
../test_bsp/\libhal_bsp.a(altera_nios2_gen2_irq.o)
                              ../test_bsp/\libhal_bsp.a(alt_sys_init.o) (altera_nios2_gen2_irq_init)

Allocating common symbols
Common symbol       size              file

alt_irq             0x100             ../test_bsp/\libhal_bsp.a(alt_irq_handler.o)
hex_final           0x9               obj/default/hello_world_small.o
hex_c               0x2               obj/default/hello_world_small.o
hex_a               0x2               obj/default/hello_world_small.o
hex_d               0x2               obj/default/hello_world_small.o
hex_e               0x2               obj/default/hello_world_small.o
hex_b               0x2               obj/default/hello_world_small.o

Memory Configuration

Name             Origin             Length             Attributes
RAM              0x0000000000000000 0x0000000000010000
reset            0x0000000000010000 0x0000000000000020
ROM              0x0000000000010020 0x0000000000003fe0
*default*        0x0000000000000000 0xffffffffffffffff

Linker script and memory map

LOAD ../test_bsp//obj/HAL/src/crt0.o
LOAD obj/default/hello_world_small.o
LOAD e:/basura/nios2eds/bin/gnu/h-x86_64-mingw32/bin/../lib/gcc/nios2-elf/5.3.0/../../../../../H-x86_64-mingw32/nios2-elf/lib/mno-hw-mul\libstdc++.a
LOAD e:/basura/nios2eds/bin/gnu/h-x86_64-mingw32/bin/../lib/gcc/nios2-elf/5.3.0/../../../../../H-x86_64-mingw32/nios2-elf/lib/mno-hw-mul\libm.a
LOAD e:/basura/nios2eds/bin/gnu/h-x86_64-mingw32/bin/../lib/gcc/nios2-elf/5.3.0/mno-hw-mul\libgcc.a
START GROUP
LOAD e:/basura/nios2eds/bin/gnu/h-x86_64-mingw32/bin/../lib/gcc/nios2-elf/5.3.0/../../../../../H-x86_64-mingw32/nios2-elf/lib/mno-hw-mul\libsmallc.a
LOAD e:/basura/nios2eds/bin/gnu/h-x86_64-mingw32/bin/../lib/gcc/nios2-elf/5.3.0/mno-hw-mul\libgcc.a
LOAD ../test_bsp/\libhal_bsp.a
LOAD e:/basura/nios2eds/bin/gnu/h-x86_64-mingw32/bin/../lib/gcc/nios2-elf/5.3.0/../../../../../H-x86_64-mingw32/nios2-elf/lib/mno-hw-mul\libm.a
END GROUP
LOAD e:/basura/nios2eds/bin/gnu/h-x86_64-mingw32/bin/../lib/gcc/nios2-elf/5.3.0/mno-hw-mul\libgcc.a
                0x0000000000000000                __alt_mem_RAM = 0x0
                0x0000000000010000                __alt_mem_ROM = 0x10000

.entry          0x0000000000010000       0x20
 *(.entry)
 .entry         0x0000000000010000       0x20 ../test_bsp//obj/HAL/src/crt0.o
                0x0000000000010000                __reset
                0x000000000001000c                _exit

.exceptions     0x0000000000010020      0x160
                0x0000000000010020                PROVIDE (__ram_exceptions_start, ABSOLUTE (.))
                0x0000000000010020                . = ALIGN (0x20)
 *(.irq)
 *(.exceptions.entry.label)
 .exceptions.entry.label
                0x0000000000010020        0x0 ../test_bsp/\libhal_bsp.a(alt_irq_entry.o)
                0x0000000000010020                alt_irq_entry
 .exceptions.entry.label
                0x0000000000010020        0x0 ../test_bsp/\libhal_bsp.a(alt_exception_entry.o)
                0x0000000000010020                alt_exception
 *(.exceptions.entry.user)
 *(.exceptions.entry.ecc_fatal)
 *(.exceptions.entry)
 .exceptions.entry
                0x0000000000010020       0x54 ../test_bsp/\libhal_bsp.a(alt_exception_entry.o)
 *(.exceptions.irqtest.user)
 *(.exceptions.irqtest)
 .exceptions.irqtest
                0x0000000000010074       0x10 ../test_bsp/\libhal_bsp.a(alt_irq_entry.o)
 *(.exceptions.irqhandler.user)
 *(.exceptions.irqhandler)
 .exceptions.irqhandler
                0x0000000000010084        0x4 ../test_bsp/\libhal_bsp.a(alt_irq_entry.o)
 *(.exceptions.irqreturn.user)
 *(.exceptions.irqreturn)
 .exceptions.irqreturn
                0x0000000000010088        0x4 ../test_bsp/\libhal_bsp.a(alt_irq_entry.o)
 *(.exceptions.notirq.label)
 .exceptions.notirq.label
                0x000000000001008c        0x0 ../test_bsp/\libhal_bsp.a(alt_irq_entry.o)
 *(.exceptions.notirq.user)
 *(.exceptions.notirq)
 .exceptions.notirq
                0x000000000001008c        0x8 ../test_bsp/\libhal_bsp.a(alt_exception_entry.o)
 *(.exceptions.soft.user)
 *(.exceptions.soft)
 *(.exceptions.unknown.user)
 *(.exceptions.unknown)
 .exceptions.unknown
                0x0000000000010094       0x14 ../test_bsp/\libhal_bsp.a(alt_exception_entry.o)
 *(.exceptions.exit.label)
 .exceptions.exit.label
                0x00000000000100a8        0x0 ../test_bsp/\libhal_bsp.a(alt_irq_entry.o)
 .exceptions.exit.label
                0x00000000000100a8        0x0 ../test_bsp/\libhal_bsp.a(alt_exception_entry.o)
 *(.exceptions.exit.user)
 *(.exceptions.exit)
 .exceptions.exit
                0x00000000000100a8       0x54 ../test_bsp/\libhal_bsp.a(alt_exception_entry.o)
 *(.exceptions)
 .exceptions    0x00000000000100fc       0x60 ../test_bsp/\libhal_bsp.a(alt_irq_handler.o)
                0x00000000000100fc                alt_irq_handler
 .exceptions    0x000000000001015c       0x24 ../test_bsp/\libhal_bsp.a(alt_instruction_exception_entry.o)
                0x000000000001015c                alt_instruction_exception_entry
                0x0000000000010180                PROVIDE (__ram_exceptions_end, ABSOLUTE (.))
                0x0000000000010020                PROVIDE (__flash_exceptions_start, LOADADDR (.exceptions))

.text           0x0000000000010180      0xb90
                [!provide]                        PROVIDE (stext, ABSOLUTE (.))
 *(.interp)
 *(.hash)
 *(.dynsym)
 *(.dynstr)
 *(.gnu.version)
 *(.gnu.version_d)
 *(.gnu.version_r)
 *(.rel.init)
 *(.rela.init)
 *(.rel.text .rel.text.* .rel.gnu.linkonce.t.*)
 *(.rela.text .rela.text.* .rela.gnu.linkonce.t.*)
 *(.rel.fini)
 *(.rela.fini)
 *(.rel.rodata .rel.rodata.* .rel.gnu.linkonce.r.*)
 *(.rela.rodata .rela.rodata.* .rela.gnu.linkonce.r.*)
 *(.rel.data .rel.data.* .rel.gnu.linkonce.d.*)
 *(.rela.data .rela.data.* .rela.gnu.linkonce.d.*)
 *(.rel.tdata .rel.tdata.* .rel.gnu.linkonce.td.*)
 *(.rela.tdata .rela.tdata.* .rela.gnu.linkonce.td.*)
 *(.rel.tbss .rel.tbss.* .rel.gnu.linkonce.tb.*)
 *(.rela.tbss .rela.tbss.* .rela.gnu.linkonce.tb.*)
 *(.rel.ctors)
 *(.rela.ctors)
 *(.rel.dtors)
 *(.rela.dtors)
 *(.rel.got)
 *(.rela.got)
 *(.rel.sdata .rel.sdata.* .rel.gnu.linkonce.s.*)
 *(.rela.sdata .rela.sdata.* .rela.gnu.linkonce.s.*)
 *(.rel.sbss .rel.sbss.* .rel.gnu.linkonce.sb.*)
 *(.rela.sbss .rela.sbss.* .rela.gnu.linkonce.sb.*)
 *(.rel.sdata2 .rel.sdata2.* .rel.gnu.linkonce.s2.*)
 *(.rela.sdata2 .rela.sdata2.* .rela.gnu.linkonce.s2.*)
 *(.rel.sbss2 .rel.sbss2.* .rel.gnu.linkonce.sb2.*)
 *(.rela.sbss2 .rela.sbss2.* .rela.gnu.linkonce.sb2.*)
 *(.rel.bss .rel.bss.* .rel.gnu.linkonce.b.*)
 *(.rela.bss .rela.bss.* .rela.gnu.linkonce.b.*)
 *(.rel.plt)
 *(.rela.plt)
 *(.rel.dyn)
 *(.init)
 *(.plt)
 *(.text .stub .text.* .gnu.linkonce.t.*)
 .text          0x0000000000010180       0x3c ../test_bsp//obj/HAL/src/crt0.o
                0x0000000000010180                _start
 .text          0x00000000000101bc      0x670 obj/default/hello_world_small.o
                0x00000000000101bc                mod_pow
                0x00000000000101d0                actualizarDatos
                0x0000000000010224                obtenerDato
                0x000000000001023c                incrementarIndex
                0x0000000000010244                RSA
                0x0000000000010268                resetData
                0x0000000000010298                cambiarDisplay
                0x00000000000102ac                sumarDisplay
                0x00000000000102c0                displayShow
 .text.startup  0x000000000001082c       0x38 obj/default/hello_world_small.o
                0x000000000001082c                main
 .text          0x0000000000010864      0x1b4 e:/basura/nios2eds/bin/gnu/h-x86_64-mingw32/bin/../lib/gcc/nios2-elf/5.3.0/mno-hw-mul\libgcc.a(lib2-divmod.o)
                0x0000000000010864                __divsi3
                0x00000000000108e8                __modsi3
                0x000000000001095c                __udivsi3
                0x00000000000109c0                __umodsi3
 .text          0x0000000000010a18       0x28 e:/basura/nios2eds/bin/gnu/h-x86_64-mingw32/bin/../lib/gcc/nios2-elf/5.3.0/mno-hw-mul\libgcc.a(lib2-mul.o)
                0x0000000000010a18                __mulsi3
 .text          0x0000000000010a40        0x0 e:/basura/nios2eds/bin/gnu/h-x86_64-mingw32/bin/../lib/gcc/nios2-elf/5.3.0/../../../../../H-x86_64-mingw32/nios2-elf/lib/mno-hw-mul\libsmallc.a(lib_a-memcpy.o)
 .text.memcpy   0x0000000000010a40       0x28 e:/basura/nios2eds/bin/gnu/h-x86_64-mingw32/bin/../lib/gcc/nios2-elf/5.3.0/../../../../../H-x86_64-mingw32/nios2-elf/lib/mno-hw-mul\libsmallc.a(lib_a-memcpy.o)
                0x0000000000010a40                memcpy
 .text          0x0000000000010a68       0x8c ../test_bsp/\libhal_bsp.a(alt_iic.o)
                0x0000000000010a68                alt_ic_isr_register
                0x0000000000010a6c                alt_ic_irq_enable
                0x0000000000010aa4                alt_ic_irq_disable
                0x0000000000010adc                alt_ic_irq_enabled
 .text          0x0000000000010af4       0x68 ../test_bsp/\libhal_bsp.a(alt_iic_isr_register.o)
                0x0000000000010af4                alt_iic_isr_register
 .text          0x0000000000010b5c        0x0 ../test_bsp/\libhal_bsp.a(alt_irq_entry.o)
 .text          0x0000000000010b5c        0x0 ../test_bsp/\libhal_bsp.a(alt_irq_handler.o)
 .text          0x0000000000010b5c        0x0 ../test_bsp/\libhal_bsp.a(alt_irq_vars.o)
 .text          0x0000000000010b5c       0xe0 ../test_bsp/\libhal_bsp.a(alt_load.o)
                0x0000000000010b5c                alt_load
 .text          0x0000000000010c3c       0x2c ../test_bsp/\libhal_bsp.a(alt_main.o)
                0x0000000000010c3c                alt_main
 .text          0x0000000000010c68       0x24 ../test_bsp/\libhal_bsp.a(alt_sys_init.o)
                0x0000000000010c68                alt_irq_init
                0x0000000000010c88                alt_sys_init
 .text          0x0000000000010c8c        0x4 ../test_bsp/\libhal_bsp.a(alt_dcache_flush_all.o)
                0x0000000000010c8c                alt_dcache_flush_all
 .text          0x0000000000010c90        0x0 ../test_bsp/\libhal_bsp.a(alt_exception_entry.o)
 .text          0x0000000000010c90        0x4 ../test_bsp/\libhal_bsp.a(alt_icache_flush_all.o)
                0x0000000000010c90                alt_icache_flush_all
 .text          0x0000000000010c94       0x74 ../test_bsp/\libhal_bsp.a(alt_instruction_exception_entry.o)
                0x0000000000010c94                alt_exception_cause_generated_bad_addr
 .text          0x0000000000010d08        0x8 ../test_bsp/\libhal_bsp.a(altera_nios2_gen2_irq.o)
                0x0000000000010d08                altera_nios2_gen2_irq_init
 *(.gnu.warning.*)
 *(.fini)
                [!provide]                        PROVIDE (__etext, ABSOLUTE (.))
                [!provide]                        PROVIDE (_etext, ABSOLUTE (.))
                [!provide]                        PROVIDE (etext, ABSOLUTE (.))
 *(.eh_frame_hdr)
                0x0000000000010d10                . = ALIGN (0x4)
                [!provide]                        PROVIDE (__preinit_array_start, ABSOLUTE (.))
 *(.preinit_array)
                [!provide]                        PROVIDE (__preinit_array_end, ABSOLUTE (.))
                [!provide]                        PROVIDE (__init_array_start, ABSOLUTE (.))
 *(.init_array)
                [!provide]                        PROVIDE (__init_array_end, ABSOLUTE (.))
                [!provide]                        PROVIDE (__fini_array_start, ABSOLUTE (.))
 *(.fini_array)
                [!provide]                        PROVIDE (__fini_array_end, ABSOLUTE (.))
 *(.eh_frame)
 *(.gcc_except_table .gcc_except_table.*)
 *(.dynamic)
                [!provide]                        PROVIDE (__CTOR_LIST__, ABSOLUTE (.))
 *(.ctors)
 *(SORT(.ctors.*))
                [!provide]                        PROVIDE (__CTOR_END__, ABSOLUTE (.))
                [!provide]                        PROVIDE (__DTOR_LIST__, ABSOLUTE (.))
 *(.dtors)
 *(SORT(.dtors.*))
                [!provide]                        PROVIDE (__DTOR_END__, ABSOLUTE (.))
 *(.jcr)
                0x0000000000010d10                . = ALIGN (0x4)

.rodata         0x0000000000000000       0x38 load address 0x0000000000010d10
                0x0000000000000000                PROVIDE (__ram_rodata_start, ABSOLUTE (.))
                0x0000000000000000                . = ALIGN (0x4)
 *(.rodata .rodata.* .gnu.linkonce.r.*)
 .rodata        0x0000000000000000       0x38 obj/default/hello_world_small.o
 *(.rodata1)
                0x0000000000000038                . = ALIGN (0x4)
                0x0000000000000038                PROVIDE (__ram_rodata_end, ABSOLUTE (.))
                0x0000000000010d10                PROVIDE (__flash_rodata_start, LOADADDR (.rodata))

.rwdata         0x0000000000000038       0x1c load address 0x0000000000010d48
                0x0000000000000038                PROVIDE (__ram_rwdata_start, ABSOLUTE (.))
                0x0000000000000038                . = ALIGN (0x4)
 *(.got.plt)
 *(.got)
 *(.data1)
 *(.data .data.* .gnu.linkonce.d.*)
 .data          0x0000000000000038        0x0 ../test_bsp//obj/HAL/src/crt0.o
 .data          0x0000000000000038        0x0 obj/default/hello_world_small.o
 .data          0x0000000000000038        0x0 e:/basura/nios2eds/bin/gnu/h-x86_64-mingw32/bin/../lib/gcc/nios2-elf/5.3.0/mno-hw-mul\libgcc.a(lib2-divmod.o)
 .data          0x0000000000000038        0x0 e:/basura/nios2eds/bin/gnu/h-x86_64-mingw32/bin/../lib/gcc/nios2-elf/5.3.0/mno-hw-mul\libgcc.a(lib2-mul.o)
 .data          0x0000000000000038        0x0 e:/basura/nios2eds/bin/gnu/h-x86_64-mingw32/bin/../lib/gcc/nios2-elf/5.3.0/../../../../../H-x86_64-mingw32/nios2-elf/lib/mno-hw-mul\libsmallc.a(lib_a-memcpy.o)
 .data          0x0000000000000038        0x0 ../test_bsp/\libhal_bsp.a(alt_iic.o)
 .data          0x0000000000000038        0x0 ../test_bsp/\libhal_bsp.a(alt_iic_isr_register.o)
 .data          0x0000000000000038        0x0 ../test_bsp/\libhal_bsp.a(alt_irq_entry.o)
 .data          0x0000000000000038        0x0 ../test_bsp/\libhal_bsp.a(alt_irq_handler.o)
 .data          0x0000000000000038        0x0 ../test_bsp/\libhal_bsp.a(alt_irq_vars.o)
 .data          0x0000000000000038        0x0 ../test_bsp/\libhal_bsp.a(alt_load.o)
 .data          0x0000000000000038        0x0 ../test_bsp/\libhal_bsp.a(alt_main.o)
 .data          0x0000000000000038        0x0 ../test_bsp/\libhal_bsp.a(alt_sys_init.o)
 .data          0x0000000000000038        0x0 ../test_bsp/\libhal_bsp.a(alt_dcache_flush_all.o)
 .data          0x0000000000000038        0x0 ../test_bsp/\libhal_bsp.a(alt_exception_entry.o)
 .data          0x0000000000000038        0x0 ../test_bsp/\libhal_bsp.a(alt_icache_flush_all.o)
 .data          0x0000000000000038        0x0 ../test_bsp/\libhal_bsp.a(alt_instruction_exception_entry.o)
 .data          0x0000000000000038        0x0 ../test_bsp/\libhal_bsp.a(altera_nios2_gen2_irq.o)
                0x0000000000008038                _gp = ABSOLUTE ((. + 0x8000))
                [!provide]                        PROVIDE (gp, _gp)
 *(.rwdata .rwdata.*)
 *(.sdata .sdata.* .gnu.linkonce.s.*)
 .sdata         0x0000000000000038       0x18 obj/default/hello_world_small.o
                0x0000000000000038                index
 .sdata         0x0000000000000050        0x4 ../test_bsp/\libhal_bsp.a(alt_irq_vars.o)
                0x0000000000000050                alt_priority_mask
 *(.sdata2 .sdata2.* .gnu.linkonce.s2.*)
                0x0000000000000054                . = ALIGN (0x4)
                0x0000000000000054                _edata = ABSOLUTE (.)
                [!provide]                        PROVIDE (edata, ABSOLUTE (.))
                0x0000000000000054                PROVIDE (__ram_rwdata_end, ABSOLUTE (.))
                0x0000000000010d48                PROVIDE (__flash_rwdata_start, LOADADDR (.rwdata))

.bss            0x0000000000000054      0x160 load address 0x0000000000010d64
                0x0000000000000054                __bss_start = ABSOLUTE (.)
                [!provide]                        PROVIDE (__sbss_start, ABSOLUTE (.))
                [!provide]                        PROVIDE (___sbss_start, ABSOLUTE (.))
 *(.dynsbss)
 *(.sbss .sbss.* .gnu.linkonce.sb.*)
 .sbss          0x0000000000000054       0x34 obj/default/hello_world_small.o
                0x0000000000000054                expModIndex
                0x0000000000000058                fourth
                0x000000000000005c                third
                0x0000000000000060                second
                0x0000000000000064                first
                0x0000000000000068                sevensegChange
                0x000000000000006c                modulo
                0x0000000000000070                exponente
                0x0000000000000074                digit5
                0x0000000000000078                digit4
                0x000000000000007c                digit3
                0x0000000000000080                digit2
                0x0000000000000084                suma
 .sbss          0x0000000000000088        0xa obj/default/hello_world_small.o
                0x0000000000000088                hex_c
                0x000000000000008a                hex_a
                0x000000000000008c                hex_d
                0x000000000000008e                hex_e
                0x0000000000000090                hex_b
 *fill*         0x0000000000000092        0x2 
 .sbss          0x0000000000000094        0x4 ../test_bsp/\libhal_bsp.a(alt_irq_vars.o)
                0x0000000000000094                alt_irq_active
 .sbss          0x0000000000000098        0xc ../test_bsp/\libhal_bsp.a(alt_main.o)
                0x0000000000000098                alt_envp
                0x000000000000009c                alt_argv
                0x00000000000000a0                alt_argc
 .sbss          0x00000000000000a4        0x4 ../test_bsp/\libhal_bsp.a(alt_instruction_exception_entry.o)
                0x00000000000000a4                alt_instruction_exception_handler
 *(.sbss2 .sbss2.* .gnu.linkonce.sb2.*)
 *(.scommon)
                [!provide]                        PROVIDE (__sbss_end, ABSOLUTE (.))
                [!provide]                        PROVIDE (___sbss_end, ABSOLUTE (.))
 *(.dynbss)
 *(.bss .bss.* .gnu.linkonce.b.*)
 .bss           0x00000000000000a8        0x0 ../test_bsp//obj/HAL/src/crt0.o
 .bss           0x00000000000000a8        0x0 obj/default/hello_world_small.o
 .bss           0x00000000000000a8        0x0 e:/basura/nios2eds/bin/gnu/h-x86_64-mingw32/bin/../lib/gcc/nios2-elf/5.3.0/mno-hw-mul\libgcc.a(lib2-divmod.o)
 .bss           0x00000000000000a8        0x0 e:/basura/nios2eds/bin/gnu/h-x86_64-mingw32/bin/../lib/gcc/nios2-elf/5.3.0/mno-hw-mul\libgcc.a(lib2-mul.o)
 .bss           0x00000000000000a8        0x0 e:/basura/nios2eds/bin/gnu/h-x86_64-mingw32/bin/../lib/gcc/nios2-elf/5.3.0/../../../../../H-x86_64-mingw32/nios2-elf/lib/mno-hw-mul\libsmallc.a(lib_a-memcpy.o)
 .bss           0x00000000000000a8        0x0 ../test_bsp/\libhal_bsp.a(alt_iic.o)
 .bss           0x00000000000000a8        0x0 ../test_bsp/\libhal_bsp.a(alt_iic_isr_register.o)
 .bss           0x00000000000000a8        0x0 ../test_bsp/\libhal_bsp.a(alt_irq_entry.o)
 .bss           0x00000000000000a8        0x0 ../test_bsp/\libhal_bsp.a(alt_irq_handler.o)
 .bss           0x00000000000000a8        0x0 ../test_bsp/\libhal_bsp.a(alt_irq_vars.o)
 .bss           0x00000000000000a8        0x0 ../test_bsp/\libhal_bsp.a(alt_load.o)
 .bss           0x00000000000000a8        0x0 ../test_bsp/\libhal_bsp.a(alt_main.o)
 .bss           0x00000000000000a8        0x0 ../test_bsp/\libhal_bsp.a(alt_sys_init.o)
 .bss           0x00000000000000a8        0x0 ../test_bsp/\libhal_bsp.a(alt_dcache_flush_all.o)
 .bss           0x00000000000000a8        0x0 ../test_bsp/\libhal_bsp.a(alt_exception_entry.o)
 .bss           0x00000000000000a8        0x0 ../test_bsp/\libhal_bsp.a(alt_icache_flush_all.o)
 .bss           0x00000000000000a8        0x0 ../test_bsp/\libhal_bsp.a(alt_instruction_exception_entry.o)
 .bss           0x00000000000000a8        0x0 ../test_bsp/\libhal_bsp.a(altera_nios2_gen2_irq.o)
 *(COMMON)
 COMMON         0x00000000000000a8        0x9 obj/default/hello_world_small.o
                0x00000000000000a8                hex_final
 *fill*         0x00000000000000b1        0x3 
 COMMON         0x00000000000000b4      0x100 ../test_bsp/\libhal_bsp.a(alt_irq_handler.o)
                0x00000000000000b4                alt_irq
                0x00000000000001b4                . = ALIGN (0x4)
                0x00000000000001b4                __bss_end = ABSOLUTE (.)

.RAM            0x00000000000001b4        0x0 load address 0x0000000000010d64
                [!provide]                        PROVIDE (_alt_partition_RAM_start, ABSOLUTE (.))
 *(.RAM .RAM. RAM.*)
                0x00000000000001b4                . = ALIGN (0x4)
                [!provide]                        PROVIDE (_alt_partition_RAM_end, ABSOLUTE (.))
                0x00000000000001b4                _end = ABSOLUTE (.)
                0x00000000000001b4                end = ABSOLUTE (.)
                0x00000000000001b4                __alt_stack_base = ABSOLUTE (.)
                [!provide]                        PROVIDE (_alt_partition_RAM_load_addr, LOADADDR (.RAM))

.ROM            0x0000000000010d64        0x0
                [!provide]                        PROVIDE (_alt_partition_ROM_start, ABSOLUTE (.))
 *(.ROM .ROM. ROM.*)
                0x0000000000010d64                . = ALIGN (0x4)
                [!provide]                        PROVIDE (_alt_partition_ROM_end, ABSOLUTE (.))
                [!provide]                        PROVIDE (_alt_partition_ROM_load_addr, LOADADDR (.ROM))

.stab
 *(.stab)

.stabstr
 *(.stabstr)

.stab.excl
 *(.stab.excl)

.stab.exclstr
 *(.stab.exclstr)

.stab.index
 *(.stab.index)

.stab.indexstr
 *(.stab.indexstr)

.comment        0x0000000000000000       0x23
 *(.comment)
 .comment       0x0000000000000000       0x23 obj/default/hello_world_small.o
                                         0x24 (size before relaxing)
 .comment       0x0000000000000023       0x24 e:/basura/nios2eds/bin/gnu/h-x86_64-mingw32/bin/../lib/gcc/nios2-elf/5.3.0/mno-hw-mul\libgcc.a(lib2-divmod.o)
 .comment       0x0000000000000023       0x24 e:/basura/nios2eds/bin/gnu/h-x86_64-mingw32/bin/../lib/gcc/nios2-elf/5.3.0/mno-hw-mul\libgcc.a(lib2-mul.o)
 .comment       0x0000000000000023       0x24 e:/basura/nios2eds/bin/gnu/h-x86_64-mingw32/bin/../lib/gcc/nios2-elf/5.3.0/../../../../../H-x86_64-mingw32/nios2-elf/lib/mno-hw-mul\libsmallc.a(lib_a-memcpy.o)
 .comment       0x0000000000000023       0x24 ../test_bsp/\libhal_bsp.a(alt_iic.o)
 .comment       0x0000000000000023       0x24 ../test_bsp/\libhal_bsp.a(alt_iic_isr_register.o)
 .comment       0x0000000000000023       0x24 ../test_bsp/\libhal_bsp.a(alt_irq_handler.o)
 .comment       0x0000000000000023       0x24 ../test_bsp/\libhal_bsp.a(alt_irq_vars.o)
 .comment       0x0000000000000023       0x24 ../test_bsp/\libhal_bsp.a(alt_load.o)
 .comment       0x0000000000000023       0x24 ../test_bsp/\libhal_bsp.a(alt_main.o)
 .comment       0x0000000000000023       0x24 ../test_bsp/\libhal_bsp.a(alt_sys_init.o)
 .comment       0x0000000000000023       0x24 ../test_bsp/\libhal_bsp.a(alt_dcache_flush_all.o)
 .comment       0x0000000000000023       0x24 ../test_bsp/\libhal_bsp.a(alt_icache_flush_all.o)
 .comment       0x0000000000000023       0x24 ../test_bsp/\libhal_bsp.a(alt_instruction_exception_entry.o)
 .comment       0x0000000000000023       0x24 ../test_bsp/\libhal_bsp.a(altera_nios2_gen2_irq.o)

.debug
 *(.debug)

.line
 *(.line)

.debug_srcinfo
 *(.debug_srcinfo)

.debug_sfnames
 *(.debug_sfnames)

.debug_aranges  0x0000000000000000      0x278
 *(.debug_aranges)
 .debug_aranges
                0x0000000000000000       0x28 ../test_bsp//obj/HAL/src/crt0.o
 .debug_aranges
                0x0000000000000028       0x28 obj/default/hello_world_small.o
 .debug_aranges
                0x0000000000000050       0x20 e:/basura/nios2eds/bin/gnu/h-x86_64-mingw32/bin/../lib/gcc/nios2-elf/5.3.0/mno-hw-mul\libgcc.a(lib2-divmod.o)
 .debug_aranges
                0x0000000000000070       0x20 e:/basura/nios2eds/bin/gnu/h-x86_64-mingw32/bin/../lib/gcc/nios2-elf/5.3.0/mno-hw-mul\libgcc.a(lib2-mul.o)
 .debug_aranges
                0x0000000000000090       0x20 e:/basura/nios2eds/bin/gnu/h-x86_64-mingw32/bin/../lib/gcc/nios2-elf/5.3.0/../../../../../H-x86_64-mingw32/nios2-elf/lib/mno-hw-mul\libsmallc.a(lib_a-memcpy.o)
 .debug_aranges
                0x00000000000000b0       0x20 ../test_bsp/\libhal_bsp.a(alt_iic.o)
 .debug_aranges
                0x00000000000000d0       0x20 ../test_bsp/\libhal_bsp.a(alt_iic_isr_register.o)
 .debug_aranges
                0x00000000000000f0       0x30 ../test_bsp/\libhal_bsp.a(alt_irq_entry.o)
 .debug_aranges
                0x0000000000000120       0x20 ../test_bsp/\libhal_bsp.a(alt_irq_handler.o)
 .debug_aranges
                0x0000000000000140       0x18 ../test_bsp/\libhal_bsp.a(alt_irq_vars.o)
 .debug_aranges
                0x0000000000000158       0x20 ../test_bsp/\libhal_bsp.a(alt_load.o)
 .debug_aranges
                0x0000000000000178       0x20 ../test_bsp/\libhal_bsp.a(alt_main.o)
 .debug_aranges
                0x0000000000000198       0x20 ../test_bsp/\libhal_bsp.a(alt_sys_init.o)
 .debug_aranges
                0x00000000000001b8       0x20 ../test_bsp/\libhal_bsp.a(alt_dcache_flush_all.o)
 .debug_aranges
                0x00000000000001d8       0x38 ../test_bsp/\libhal_bsp.a(alt_exception_entry.o)
 .debug_aranges
                0x0000000000000210       0x20 ../test_bsp/\libhal_bsp.a(alt_icache_flush_all.o)
 .debug_aranges
                0x0000000000000230       0x28 ../test_bsp/\libhal_bsp.a(alt_instruction_exception_entry.o)
 .debug_aranges
                0x0000000000000258       0x20 ../test_bsp/\libhal_bsp.a(altera_nios2_gen2_irq.o)

.debug_pubnames
 *(.debug_pubnames)

.debug_info     0x0000000000000000     0x1f29
 *(.debug_info .gnu.linkonce.wi.*)
 .debug_info    0x0000000000000000       0x6b ../test_bsp//obj/HAL/src/crt0.o
 .debug_info    0x000000000000006b      0x943 obj/default/hello_world_small.o
 .debug_info    0x00000000000009ae      0x2c6 e:/basura/nios2eds/bin/gnu/h-x86_64-mingw32/bin/../lib/gcc/nios2-elf/5.3.0/mno-hw-mul\libgcc.a(lib2-divmod.o)
 .debug_info    0x0000000000000c74       0xb4 e:/basura/nios2eds/bin/gnu/h-x86_64-mingw32/bin/../lib/gcc/nios2-elf/5.3.0/mno-hw-mul\libgcc.a(lib2-mul.o)
 .debug_info    0x0000000000000d28      0x119 e:/basura/nios2eds/bin/gnu/h-x86_64-mingw32/bin/../lib/gcc/nios2-elf/5.3.0/../../../../../H-x86_64-mingw32/nios2-elf/lib/mno-hw-mul\libsmallc.a(lib_a-memcpy.o)
 .debug_info    0x0000000000000e41      0x38a ../test_bsp/\libhal_bsp.a(alt_iic.o)
 .debug_info    0x00000000000011cb      0x232 ../test_bsp/\libhal_bsp.a(alt_iic_isr_register.o)
 .debug_info    0x00000000000013fd       0x74 ../test_bsp/\libhal_bsp.a(alt_irq_entry.o)
 .debug_info    0x0000000000001471      0x184 ../test_bsp/\libhal_bsp.a(alt_irq_handler.o)
 .debug_info    0x00000000000015f5       0x88 ../test_bsp/\libhal_bsp.a(alt_irq_vars.o)
 .debug_info    0x000000000000167d      0x1c9 ../test_bsp/\libhal_bsp.a(alt_load.o)
 .debug_info    0x0000000000001846      0x169 ../test_bsp/\libhal_bsp.a(alt_main.o)
 .debug_info    0x00000000000019af      0x14d ../test_bsp/\libhal_bsp.a(alt_sys_init.o)
 .debug_info    0x0000000000001afc       0x92 ../test_bsp/\libhal_bsp.a(alt_dcache_flush_all.o)
 .debug_info    0x0000000000001b8e       0x7a ../test_bsp/\libhal_bsp.a(alt_exception_entry.o)
 .debug_info    0x0000000000001c08       0x92 ../test_bsp/\libhal_bsp.a(alt_icache_flush_all.o)
 .debug_info    0x0000000000001c9a      0x1fd ../test_bsp/\libhal_bsp.a(alt_instruction_exception_entry.o)
 .debug_info    0x0000000000001e97       0x92 ../test_bsp/\libhal_bsp.a(altera_nios2_gen2_irq.o)

.debug_abbrev   0x0000000000000000      0xe12
 *(.debug_abbrev)
 .debug_abbrev  0x0000000000000000       0x12 ../test_bsp//obj/HAL/src/crt0.o
 .debug_abbrev  0x0000000000000012      0x2be obj/default/hello_world_small.o
 .debug_abbrev  0x00000000000002d0      0x10e e:/basura/nios2eds/bin/gnu/h-x86_64-mingw32/bin/../lib/gcc/nios2-elf/5.3.0/mno-hw-mul\libgcc.a(lib2-divmod.o)
 .debug_abbrev  0x00000000000003de       0x6f e:/basura/nios2eds/bin/gnu/h-x86_64-mingw32/bin/../lib/gcc/nios2-elf/5.3.0/mno-hw-mul\libgcc.a(lib2-mul.o)
 .debug_abbrev  0x000000000000044d       0x9c e:/basura/nios2eds/bin/gnu/h-x86_64-mingw32/bin/../lib/gcc/nios2-elf/5.3.0/../../../../../H-x86_64-mingw32/nios2-elf/lib/mno-hw-mul\libsmallc.a(lib_a-memcpy.o)
 .debug_abbrev  0x00000000000004e9      0x1a0 ../test_bsp/\libhal_bsp.a(alt_iic.o)
 .debug_abbrev  0x0000000000000689      0x19c ../test_bsp/\libhal_bsp.a(alt_iic_isr_register.o)
 .debug_abbrev  0x0000000000000825       0x12 ../test_bsp/\libhal_bsp.a(alt_irq_entry.o)
 .debug_abbrev  0x0000000000000837      0x120 ../test_bsp/\libhal_bsp.a(alt_irq_handler.o)
 .debug_abbrev  0x0000000000000957       0x40 ../test_bsp/\libhal_bsp.a(alt_irq_vars.o)
 .debug_abbrev  0x0000000000000997       0xd8 ../test_bsp/\libhal_bsp.a(alt_load.o)
 .debug_abbrev  0x0000000000000a6f       0xee ../test_bsp/\libhal_bsp.a(alt_main.o)
 .debug_abbrev  0x0000000000000b5d       0xf6 ../test_bsp/\libhal_bsp.a(alt_sys_init.o)
 .debug_abbrev  0x0000000000000c53       0x42 ../test_bsp/\libhal_bsp.a(alt_dcache_flush_all.o)
 .debug_abbrev  0x0000000000000c95       0x12 ../test_bsp/\libhal_bsp.a(alt_exception_entry.o)
 .debug_abbrev  0x0000000000000ca7       0x42 ../test_bsp/\libhal_bsp.a(alt_icache_flush_all.o)
 .debug_abbrev  0x0000000000000ce9       0xe7 ../test_bsp/\libhal_bsp.a(alt_instruction_exception_entry.o)
 .debug_abbrev  0x0000000000000dd0       0x42 ../test_bsp/\libhal_bsp.a(altera_nios2_gen2_irq.o)

.debug_line     0x0000000000000000      0xcd5
 *(.debug_line)
 .debug_line    0x0000000000000000       0x66 ../test_bsp//obj/HAL/src/crt0.o
 .debug_line    0x0000000000000066      0x1c7 obj/default/hello_world_small.o
 .debug_line    0x000000000000022d      0x105 e:/basura/nios2eds/bin/gnu/h-x86_64-mingw32/bin/../lib/gcc/nios2-elf/5.3.0/mno-hw-mul\libgcc.a(lib2-divmod.o)
 .debug_line    0x0000000000000332       0x80 e:/basura/nios2eds/bin/gnu/h-x86_64-mingw32/bin/../lib/gcc/nios2-elf/5.3.0/mno-hw-mul\libgcc.a(lib2-mul.o)
 .debug_line    0x00000000000003b2      0x15e e:/basura/nios2eds/bin/gnu/h-x86_64-mingw32/bin/../lib/gcc/nios2-elf/5.3.0/../../../../../H-x86_64-mingw32/nios2-elf/lib/mno-hw-mul\libsmallc.a(lib_a-memcpy.o)
 .debug_line    0x0000000000000510       0xf1 ../test_bsp/\libhal_bsp.a(alt_iic.o)
 .debug_line    0x0000000000000601       0xd6 ../test_bsp/\libhal_bsp.a(alt_iic_isr_register.o)
 .debug_line    0x00000000000006d7       0x6b ../test_bsp/\libhal_bsp.a(alt_irq_entry.o)
 .debug_line    0x0000000000000742       0xa5 ../test_bsp/\libhal_bsp.a(alt_irq_handler.o)
 .debug_line    0x00000000000007e7       0x50 ../test_bsp/\libhal_bsp.a(alt_irq_vars.o)
 .debug_line    0x0000000000000837       0xa4 ../test_bsp/\libhal_bsp.a(alt_load.o)
 .debug_line    0x00000000000008db       0xbd ../test_bsp/\libhal_bsp.a(alt_main.o)
 .debug_line    0x0000000000000998       0xdf ../test_bsp/\libhal_bsp.a(alt_sys_init.o)
 .debug_line    0x0000000000000a77       0x4e ../test_bsp/\libhal_bsp.a(alt_dcache_flush_all.o)
 .debug_line    0x0000000000000ac5       0xb3 ../test_bsp/\libhal_bsp.a(alt_exception_entry.o)
 .debug_line    0x0000000000000b78       0x4e ../test_bsp/\libhal_bsp.a(alt_icache_flush_all.o)
 .debug_line    0x0000000000000bc6       0xbf ../test_bsp/\libhal_bsp.a(alt_instruction_exception_entry.o)
 .debug_line    0x0000000000000c85       0x50 ../test_bsp/\libhal_bsp.a(altera_nios2_gen2_irq.o)

.debug_frame    0x0000000000000000      0x368
 *(.debug_frame)
 .debug_frame   0x0000000000000000       0xfc obj/default/hello_world_small.o
 .debug_frame   0x00000000000000fc       0x50 e:/basura/nios2eds/bin/gnu/h-x86_64-mingw32/bin/../lib/gcc/nios2-elf/5.3.0/mno-hw-mul\libgcc.a(lib2-divmod.o)
 .debug_frame   0x000000000000014c       0x20 e:/basura/nios2eds/bin/gnu/h-x86_64-mingw32/bin/../lib/gcc/nios2-elf/5.3.0/mno-hw-mul\libgcc.a(lib2-mul.o)
 .debug_frame   0x000000000000016c       0x20 e:/basura/nios2eds/bin/gnu/h-x86_64-mingw32/bin/../lib/gcc/nios2-elf/5.3.0/../../../../../H-x86_64-mingw32/nios2-elf/lib/mno-hw-mul\libsmallc.a(lib_a-memcpy.o)
 .debug_frame   0x000000000000018c       0x50 ../test_bsp/\libhal_bsp.a(alt_iic.o)
 .debug_frame   0x00000000000001dc       0x30 ../test_bsp/\libhal_bsp.a(alt_iic_isr_register.o)
 .debug_frame   0x000000000000020c       0x34 ../test_bsp/\libhal_bsp.a(alt_irq_handler.o)
 .debug_frame   0x0000000000000240       0x30 ../test_bsp/\libhal_bsp.a(alt_load.o)
 .debug_frame   0x0000000000000270       0x2c ../test_bsp/\libhal_bsp.a(alt_main.o)
 .debug_frame   0x000000000000029c       0x3c ../test_bsp/\libhal_bsp.a(alt_sys_init.o)
 .debug_frame   0x00000000000002d8       0x20 ../test_bsp/\libhal_bsp.a(alt_dcache_flush_all.o)
 .debug_frame   0x00000000000002f8       0x20 ../test_bsp/\libhal_bsp.a(alt_icache_flush_all.o)
 .debug_frame   0x0000000000000318       0x30 ../test_bsp/\libhal_bsp.a(alt_instruction_exception_entry.o)
 .debug_frame   0x0000000000000348       0x20 ../test_bsp/\libhal_bsp.a(altera_nios2_gen2_irq.o)

.debug_str      0x0000000000000000      0xec0
 *(.debug_str)
 .debug_str     0x0000000000000000      0x2d7 obj/default/hello_world_small.o
                                        0x330 (size before relaxing)
 .debug_str     0x00000000000002d7      0x187 e:/basura/nios2eds/bin/gnu/h-x86_64-mingw32/bin/../lib/gcc/nios2-elf/5.3.0/mno-hw-mul\libgcc.a(lib2-divmod.o)
                                        0x1d2 (size before relaxing)
 .debug_str     0x000000000000045e       0x40 e:/basura/nios2eds/bin/gnu/h-x86_64-mingw32/bin/../lib/gcc/nios2-elf/5.3.0/mno-hw-mul\libgcc.a(lib2-mul.o)
                                        0x193 (size before relaxing)
 .debug_str     0x000000000000049e      0x14e e:/basura/nios2eds/bin/gnu/h-x86_64-mingw32/bin/../lib/gcc/nios2-elf/5.3.0/../../../../../H-x86_64-mingw32/nios2-elf/lib/mno-hw-mul\libsmallc.a(lib_a-memcpy.o)
                                        0x1f3 (size before relaxing)
 .debug_str     0x00000000000005ec      0x141 ../test_bsp/\libhal_bsp.a(alt_iic.o)
                                        0x250 (size before relaxing)
 .debug_str     0x000000000000072d       0x37 ../test_bsp/\libhal_bsp.a(alt_iic_isr_register.o)
                                        0x20a (size before relaxing)
 .debug_str     0x0000000000000764       0x3a ../test_bsp/\libhal_bsp.a(alt_irq_handler.o)
                                        0x194 (size before relaxing)
 .debug_str     0x000000000000079e       0x17 ../test_bsp/\libhal_bsp.a(alt_irq_vars.o)
                                        0x137 (size before relaxing)
 .debug_str     0x00000000000007b5      0x113 ../test_bsp/\libhal_bsp.a(alt_load.o)
                                        0x239 (size before relaxing)
 .debug_str     0x00000000000008c8       0x8f ../test_bsp/\libhal_bsp.a(alt_main.o)
                                        0x1b2 (size before relaxing)
 .debug_str     0x0000000000000957       0x80 ../test_bsp/\libhal_bsp.a(alt_sys_init.o)
                                        0x1f6 (size before relaxing)
 .debug_str     0x00000000000009d7       0x1f ../test_bsp/\libhal_bsp.a(alt_dcache_flush_all.o)
                                        0x152 (size before relaxing)
 .debug_str     0x00000000000009f6       0x1f ../test_bsp/\libhal_bsp.a(alt_icache_flush_all.o)
                                        0x152 (size before relaxing)
 .debug_str     0x0000000000000a15      0x48b ../test_bsp/\libhal_bsp.a(alt_instruction_exception_entry.o)
                                        0x59d (size before relaxing)
 .debug_str     0x0000000000000ea0       0x20 ../test_bsp/\libhal_bsp.a(altera_nios2_gen2_irq.o)
                                        0x159 (size before relaxing)

.debug_loc      0x0000000000000000      0xfd2
 *(.debug_loc)
 .debug_loc     0x0000000000000000      0x541 obj/default/hello_world_small.o
 .debug_loc     0x0000000000000541      0x4ce e:/basura/nios2eds/bin/gnu/h-x86_64-mingw32/bin/../lib/gcc/nios2-elf/5.3.0/mno-hw-mul\libgcc.a(lib2-divmod.o)
 .debug_loc     0x0000000000000a0f       0x93 e:/basura/nios2eds/bin/gnu/h-x86_64-mingw32/bin/../lib/gcc/nios2-elf/5.3.0/mno-hw-mul\libgcc.a(lib2-mul.o)
 .debug_loc     0x0000000000000aa2      0x135 e:/basura/nios2eds/bin/gnu/h-x86_64-mingw32/bin/../lib/gcc/nios2-elf/5.3.0/../../../../../H-x86_64-mingw32/nios2-elf/lib/mno-hw-mul\libsmallc.a(lib_a-memcpy.o)
 .debug_loc     0x0000000000000bd7      0x170 ../test_bsp/\libhal_bsp.a(alt_iic.o)
 .debug_loc     0x0000000000000d47      0x193 ../test_bsp/\libhal_bsp.a(alt_iic_isr_register.o)
 .debug_loc     0x0000000000000eda       0x72 ../test_bsp/\libhal_bsp.a(alt_irq_handler.o)
 .debug_loc     0x0000000000000f4c       0x21 ../test_bsp/\libhal_bsp.a(alt_sys_init.o)
 .debug_loc     0x0000000000000f6d       0x65 ../test_bsp/\libhal_bsp.a(alt_instruction_exception_entry.o)

.debug_macinfo
 *(.debug_macinfo)

.debug_weaknames
 *(.debug_weaknames)

.debug_funcnames
 *(.debug_funcnames)

.debug_typenames
 *(.debug_typenames)

.debug_varnames
 *(.debug_varnames)

.debug_alt_sim_info
                0x0000000000000000       0x10
 *(.debug_alt_sim_info)
 .debug_alt_sim_info
                0x0000000000000000       0x10 ../test_bsp//obj/HAL/src/crt0.o
                0x0000000000010000                __alt_data_end = 0x10000
                0x0000000000010000                PROVIDE (__alt_stack_pointer, __alt_data_end)
                [!provide]                        PROVIDE (__alt_stack_limit, __alt_stack_base)
                [!provide]                        PROVIDE (__alt_heap_start, end)
                [!provide]                        PROVIDE (__alt_heap_limit, 0x10000)
OUTPUT(test.elf elf32-littlenios2)

.debug_ranges   0x0000000000000000      0x1a8
 .debug_ranges  0x0000000000000000       0x20 ../test_bsp//obj/HAL/src/crt0.o
 .debug_ranges  0x0000000000000020       0x50 obj/default/hello_world_small.o
 .debug_ranges  0x0000000000000070       0x60 e:/basura/nios2eds/bin/gnu/h-x86_64-mingw32/bin/../lib/gcc/nios2-elf/5.3.0/mno-hw-mul\libgcc.a(lib2-divmod.o)
 .debug_ranges  0x00000000000000d0       0x10 e:/basura/nios2eds/bin/gnu/h-x86_64-mingw32/bin/../lib/gcc/nios2-elf/5.3.0/../../../../../H-x86_64-mingw32/nios2-elf/lib/mno-hw-mul\libsmallc.a(lib_a-memcpy.o)
 .debug_ranges  0x00000000000000e0       0x28 ../test_bsp/\libhal_bsp.a(alt_irq_entry.o)
 .debug_ranges  0x0000000000000108       0x10 ../test_bsp/\libhal_bsp.a(alt_irq_handler.o)
 .debug_ranges  0x0000000000000118       0x48 ../test_bsp/\libhal_bsp.a(alt_load.o)
 .debug_ranges  0x0000000000000160       0x30 ../test_bsp/\libhal_bsp.a(alt_exception_entry.o)
 .debug_ranges  0x0000000000000190       0x18 ../test_bsp/\libhal_bsp.a(alt_instruction_exception_entry.o)
